[portfolionibrasse.vercel.app/index9ff5.html]
[portfolionibrasse.vercel.app/img/y.jpg]
[backblue.gif]
[fade.gif]
[index.html]
[portfolionibrasse.vercel.app/css/style.css]
[cdnjs.cloudflare.com/ajax/libs/font-awesome/6.2.0/css/all.min.css]
[unicons.iconscout.com/release/v4.0.0/css/line.css]
[portfolionibrasse.vercel.app/css/style-switcher.css]
[portfolionibrasse.vercel.app/css/swiper-bundle.min.css]
[portfolionibrasse.vercel.app/img/nib.jpg]
[portfolionibrasse.vercel.app/img/portImages/cana.png]
[portfolionibrasse.vercel.app/img/portImages/cart.png]
[portfolionibrasse.vercel.app/img/portImages/covide.png]
[portfolionibrasse.vercel.app/img/portImages/dipanini.png]
[portfolionibrasse.vercel.app/img/portImages/docpla.png]
[portfolionibrasse.vercel.app/img/portImages/event.png]
[portfolionibrasse.vercel.app/img/portImages/express.png]
[portfolionibrasse.vercel.app/img/portImages/girls.jpeg]
[portfolionibrasse.vercel.app/img/portImages/goo.png]
[portfolionibrasse.vercel.app/img/portImages/hooks.png]
[portfolionibrasse.vercel.app/img/portImages/parfum.png]
[portfolionibrasse.vercel.app/img/portImages/port1.png]
[portfolionibrasse.vercel.app/img/portImages/radioo.png]
[portfolionibrasse.vercel.app/img/portImages/router.png]
[portfolionibrasse.vercel.app/img/portImages/st.png]
[portfolionibrasse.vercel.app/img/portImages/tatli.png]
[portfolionibrasse.vercel.app/img/portImages/time.png]
[portfolionibrasse.vercel.app/img/portImages/toDoApp.png]
[portfolionibrasse.vercel.app/img/portImages/tra.png]
[portfolionibrasse.vercel.app/img/portImages/youtube.png]
[portfolionibrasse.vercel.app/img/certif/htmlU.jpg]
[portfolionibrasse.vercel.app/img/certif/cssU.jpg]
[portfolionibrasse.vercel.app/img/certif/jsU.jpg]
[portfolionibrasse.vercel.app/img/certif/htmlC.jpeg]
[portfolionibrasse.vercel.app/img/certif/cssC.jpg]
[portfolionibrasse.vercel.app/img/certif/jsC.jpeg]
[portfolionibrasse.vercel.app/img/certif/webF.jpg]
[portfolionibrasse.vercel.app/img/certif/re+red.jpg]
[portfolionibrasse.vercel.app/img/certif/goW1.png]
[portfolionibrasse.vercel.app/img/certif/goF.png]
[cdnjs.cloudflare.com/ajax/libs/typed.js/2.0.12/typed.min.js]
[portfolionibrasse.vercel.app/js/scripte.js]
[portfolionibrasse.vercel.app/js/style-switcher.js]
[portfolionibrasse.vercel.app/index9ff5.html]
[portfolionibrasse.vercel.app/css/style.css]
[portfolionibrasse.vercel.app/css/skins/color-1.css]
[cdnjs.cloudflare.com/ajax/libs/font-awesome/6.2.0/css/all.min.css]
[unicons.iconscout.com/release/v4.0.0/css/line.css]
[portfolionibrasse.vercel.app/css/skins/color-2.css]
[portfolionibrasse.vercel.app/css/skins/color-3.css]
[portfolionibrasse.vercel.app/css/skins/color-4.css]
[portfolionibrasse.vercel.app/css/skins/color-5.css]
[portfolionibrasse.vercel.app/css/style-switcher.css]
[portfolionibrasse.vercel.app/css/swiper-bundle.min.css]
[portfolionibrasse.vercel.app/js/swiper-bundle.min.js]
